============================= test session starts =============================
platform win32 -- Python 3.11.9, pytest-9.0.2, pluggy-1.6.0 -- C:\Users\Thiago\Documents\005 - DocAudit Engine\.venv\Scripts\python.exe
cachedir: .pytest_cache
rootdir: C:\Users\Thiago\Documents\005 - DocAudit Engine
plugins: anyio-4.12.0, langsmith-0.5.2
collecting ... collected 0 items / 1 error

=================================== ERRORS ====================================
________ ERROR collecting tests/test_qa_requirements_audit_demo_pdf.py ________
tests\test_qa_requirements_audit_demo_pdf.py:5: in <module>
    from core.adt import analyze_documents, ANALYSIS_RESOURCES
core\adt.py:10: in <module>
    from core.llm import llm
core\llm.py:3: in <module>
    from core.config import LM_STUDIO_URL
core\config.py:30: in <module>
    print(f"\u2705 [CONFIG] Usando device: {EMBEDDING_DEVICE}")
..\..\AppData\Local\Programs\Python\Python311\Lib\encodings\cp1252.py:19: in encode
    return codecs.charmap_encode(input,self.errors,encoding_table)[0]
           ^^^^^^^^^^^^^^^^^^^^^^^^^^^^^^^^^^^^^^^^^^^^^^^^^^^^^^^
E   UnicodeEncodeError: 'charmap' codec can't encode character '\u2705' in position 0: character maps to <undefined>
=========================== short test summary info ===========================
ERROR tests/test_qa_requirements_audit_demo_pdf.py - UnicodeEncodeError: 'cha...
!!!!!!!!!!!!!!!!!!! Interrupted: 1 error during collection !!!!!!!!!!!!!!!!!!!!
============================== 1 error in 5.49s ===============================
